nohup: ignoring input
Warning: You are sending unauthenticated requests to the HF Hub. Please set a HF_TOKEN to enable higher rate limits and faster downloads.
slot probe: 701 train / 154 test, mode=pooled
Loading weights: 100%|██████████| 713/713 [00:00<00:00, 3110.88it/s]
  LM embedding per-element std = 0.02161 (slot tokens are matched to this)
  lm_dim=2560 patch_dim=1024 token grid 30x30 = 900 per view at 14px | trainable=40,148,481
  epoch 0: train loss 18.219
  epoch 1: train loss 15.760
  epoch 2: train loss 15.245
  epoch 3: train loss 15.121
  epoch 4: train loss 14.952
  epoch 5: train loss 14.498
  epoch 6: train loss 14.625
  epoch 7: train loss 13.846
  epoch 8: train loss 14.635
  epoch 9: train loss 13.943
  epoch 10: train loss 13.482
  epoch 11: train loss 14.337
  1view-pa: median 32.56 mm
  1view-lat: median 31.47 mm
  2view: median 31.31 mm

  dR = R(1view-pa) - R(2view) = -0.081   [registered: > 0; prior-only gives exactly 0]

  condition              n       R           95% CI   along   cross  align  med err
  ------------------------------------------------------------------------------
  1view-pa             154   2.086 [ 1.690, 2.502]   38.72   18.56  0.962    32.56
  1view-lat            154   0.600 [ 0.471, 0.754]   18.54   30.92  0.191    31.47
  2view                154   2.166 [ 1.741, 2.609]   38.79   17.91  0.965    31.31

  slot spacing [60, 60, 52] mm -> cell-assignment noise ~28.7 mm in 3D (s/sqrt(12) per axis).
  Isotropic noise of that size pulls R toward 1 and shrinks dR, so read dR
  against it before concluding there is no geometry dependence.

  mode=pooled uniform_w=False  2-view median 31.31 mm
  prior-only 34.74 mm | direct-image baseline 17.2 mm
  -> slots beat the prior but not the direct baseline: the representation is lossy
Warning: You are sending unauthenticated requests to the HF Hub. Please set a HF_TOKEN to enable higher rate limits and faster downloads.
slot probe: 701 train / 154 test, mode=offset
Loading weights: 100%|██████████| 713/713 [00:00<00:00, 3584.53it/s]
  LM embedding per-element std = 0.02161 (slot tokens are matched to this)
  lm_dim=2560 patch_dim=1024 token grid 30x30 = 900 per view at 14px | trainable=40,148,481
  epoch 0: train loss 14.255
  epoch 1: train loss 10.886
  epoch 2: train loss 10.768
  epoch 3: train loss 10.751
  epoch 4: train loss 10.732
  epoch 5: train loss 10.684
  epoch 6: train loss 10.698
  epoch 7: train loss 10.724
  epoch 8: train loss 10.662
  epoch 9: train loss 10.694
  epoch 10: train loss 10.716
  epoch 11: train loss 10.670
  1view-pa: median 25.79 mm
  1view-lat: median 25.29 mm
  2view: median 25.43 mm

  dR = R(1view-pa) - R(2view) = +0.055   [registered: > 0; prior-only gives exactly 0]

  condition              n       R           95% CI   along   cross  align  med err
  ------------------------------------------------------------------------------
  1view-pa             154   2.670 [ 2.066, 3.350]   39.01   14.61  0.971    25.79
  1view-lat            154   0.671 [ 0.526, 0.862]   19.12   28.50  0.187    25.29
  2view                154   2.616 [ 2.037, 3.279]   38.95   14.89  0.972    25.43

  slot spacing [60, 60, 52] mm -> cell-assignment noise ~28.7 mm in 3D (s/sqrt(12) per axis).
  Isotropic noise of that size pulls R toward 1 and shrinks dR, so read dR
  against it before concluding there is no geometry dependence.

  mode=offset uniform_w=False  2-view median 25.43 mm
  prior-only 34.74 mm | direct-image baseline 17.2 mm
  -> slots beat the prior but not the direct baseline: the representation is lossy
Warning: You are sending unauthenticated requests to the HF Hub. Please set a HF_TOKEN to enable higher rate limits and faster downloads.
slot probe: 701 train / 154 test, mode=offset
Loading weights: 100%|██████████| 713/713 [00:00<00:00, 3442.95it/s]
  LM embedding per-element std = 0.02161 (slot tokens are matched to this)
  lm_dim=2560 patch_dim=1024 token grid 30x30 = 900 per view at 14px | trainable=40,148,481
  epoch 0: train loss 15.692
  epoch 1: train loss 11.455
  epoch 2: train loss 10.762
  epoch 3: train loss 10.312
  epoch 4: train loss 11.867
  epoch 5: train loss 11.044
  epoch 6: train loss 11.698
  epoch 7: train loss 11.527
  epoch 8: train loss 11.015
  epoch 9: train loss 10.484
  epoch 10: train loss 10.264
  epoch 11: train loss 10.330
  1view-pa: median 22.44 mm
  1view-lat: median 27.89 mm
  2view: median 20.63 mm

  dR = R(1view-pa) - R(2view) = -0.010   [registered: > 0; prior-only gives exactly 0]

  condition              n       R           95% CI   along   cross  align  med err
  ------------------------------------------------------------------------------
  1view-pa             154   3.159 [ 2.358, 4.104]   37.52   11.88  0.985    22.44
  1view-lat            154   0.710 [ 0.544, 0.914]   19.89   28.01  0.164    27.89
  2view                154   3.169 [ 2.373, 4.165]   37.50   11.83  0.983    20.63

  slot spacing [60, 60, 52] mm -> cell-assignment noise ~28.7 mm in 3D (s/sqrt(12) per axis).
  Isotropic noise of that size pulls R toward 1 and shrinks dR, so read dR
  against it before concluding there is no geometry dependence.

  mode=offset uniform_w=False  2-view median 20.63 mm
  prior-only 34.74 mm | direct-image baseline 17.2 mm
  -> slots beat the prior but not the direct baseline: the representation is lossy
Warning: You are sending unauthenticated requests to the HF Hub. Please set a HF_TOKEN to enable higher rate limits and faster downloads.
slot probe: 701 train / 154 test, mode=offset
Loading weights: 100%|██████████| 713/713 [00:00<00:00, 3253.42it/s]
  LM embedding per-element std = 0.02161 (slot tokens are matched to this)
  lm_dim=2560 patch_dim=1024 token grid 30x30 = 900 per view at 14px | trainable=40,148,481
  epoch 0: train loss 15.926
  epoch 1: train loss 11.088
  epoch 2: train loss 11.015
  epoch 3: train loss 11.402
  epoch 4: train loss 10.897
  epoch 5: train loss 11.129
  epoch 6: train loss 11.958
  epoch 7: train loss 13.096
  epoch 8: train loss 11.719
  epoch 9: train loss 11.078
  epoch 10: train loss 11.256
  epoch 11: train loss 11.244
  1view-pa: median 25.91 mm
  1view-lat: median 27.23 mm
  2view: median 26.59 mm

  dR = R(1view-pa) - R(2view) = -0.038   [registered: > 0; prior-only gives exactly 0]

  condition              n       R           95% CI   along   cross  align  med err
  ------------------------------------------------------------------------------
  1view-pa             154   2.552 [ 2.003, 3.182]   39.49   15.47  0.971    25.91
  1view-lat            154   0.692 [ 0.539, 0.881]   19.56   28.26  0.188    27.23
  2view                154   2.590 [ 1.998, 3.270]   39.21   15.14  0.971    26.59

  slot spacing [60, 60, 52] mm -> cell-assignment noise ~28.7 mm in 3D (s/sqrt(12) per axis).
  Isotropic noise of that size pulls R toward 1 and shrinks dR, so read dR
  against it before concluding there is no geometry dependence.

  mode=offset uniform_w=True  2-view median 26.59 mm
  prior-only 34.74 mm | direct-image baseline 17.2 mm
  -> slots beat the prior but not the direct baseline: the representation is lossy